AcknowledgeAssessmentOrder-Example-1.xml
AcknowledgeEPMParticipant-Example-1.xml
AcknowledgeSavingsPlanEnrollment-Example-1.xml
AcknowledgeScreeningOrder-by-Package-Example-1.xml
AcknowledgeTrivialBOD.xml
BODDoc_BODID_Identifiers.xml
BODDoc_DocumentID_Identifiers.xml
BODDoc_ExpressionXPATH.xml
CancelAssessmentOrder-Example-1.xml
CancelStaffingAssignment-Example-1.xml
CancelStockOptionGrant-Example-1.xml
CancelTrivialBOD.xml
Candidate-Europass-Example-1.xml
Candidate-Europass-Example-2.xml
Candidate-Example-1.xml
ConfirmBODScreeningCatalogOrderJurisdictional-Example-2.xml
ConfirmBODScreeningCatalogReport-Example-1.xml
ConfirmBOD-ScreeningOrderError.xml
GetAssessmentCatalog-Example-1.xml
GetAssessmentReport-Example-1.xml
GetAssessmentReport-Status-Example-1.xml
GetCandidate-Example-1.xml
GetIndicativeData-Example-1.xml
GetIndicativeData-Example-2.xml
GetScreeningCatalogOrderCustomer-Example-1.xml
GetScreeningCatalogOrderJurisdictional-Example-1.xml
GetScreeningCatalogOrderJurisdictional-Example-2.xml
GetScreeningCatalogOrderJurisdictional-Example-3.xml
GetScreeningReport-PackageStatus-Example-1.xml
GetScreeningReport-ScreeningCost-Example-1.xml
GetSearchDocument_Candidate-Example-1.xml
NotifyAssessmentCatalog-Example-1.xml
NotifyAssessmentReport-Example-1.xml
NotifySavingsPlanEnrollment-Example-1.xml
NotifyScreeningPackageReport-Example-1.xml
NotifyStaffingAssignment-Example-1.xml
NotifyTimeCard-Example-1.xml
PositionOpening-Example-1.xml
ProcessAssessmentCatalog-Example-1.xml
ProcessAssessmentOrder-Example-1.xml
ProcessAssessmentOrder-Example-2.xml
ProcessAssessmentReport-Example-2.xml
ProcessCandidate-Example-1.xml
ProcessCandidate-Example-2.xml
ProcessCandidate-Example-3.xml
ProcessCompetencyDefinitions-Example-1.xml
ProcessDevelopmentPlan-Example-1.xml
ProcessEPMParticipant-Example-1.xml
ProcessPositionCompetencyModel-Example-1.xml
ProcessPositionOpening-Example-1.xml
ProcessPositionOpening-Example-2.xml
ProcessPositionOpening-Example-3.xml
ProcessPositionOpening-Example-4.xml
ProcessPositionOpening-Example-5.xml
ProcessReplaceTrivialBOD.xml
ProcessSavingsPlanEnrollment-Example-1.xml
ProcessSavingsPlanEnrollment-Example-2.xml
ProcessSavingsPlanEnrollment-Example-3.xml
ProcessScreeningOrder-al-la-carte-Example-1.xml
ProcessScreeningOrder-al-la-carte-Example-2.xml
ProcessScreeningPackageOrder-Example-1.xml
ProcessStaffingAssignment-Example-1.xml
ProcessStaffingOrder-Example-1.xml
ProcessStaffingOrder-Example-2.xml
ProcessStaffingOrder-Example-3.xml
ProcessStaffingOrder-Example-4.xml
ProcessStaffingOrder-Quote-Example-1.xml
ProcessStaffingOrder-RFQ-Example-1.xml
ProcessStaffingResource-Example-1.xml
ProcessStaffingResource-Example-2.xml
ProcessStaffingResource-Example-3.xml
ProcessStockOptionExerciseConfirmation-Example-1.xml
ProcessStockOptionExerciseOrder-Example-1.xml
ProcessStockOptionGrant-Example-1.xml
ProcessStockPlan-Example-1.xml
ProcessStockPlanParticipant-Example-1.xml
ProcessStockSaleConfirmation-Example-1.xml
ProcessTimeCard-Example-1.xml
ProcessTimeCard-Example-2.xml
ProcessTimeCard-Example-3.xml
ProcessTimeCard-Example-4.xml
ProcessTrivialBOD.xml
ProcessUSEnrollment-FSA-Change-Example-E2.xml
ProcessUSEnrollment-FSA-DeathOfEmployee-Example-B1.xml
ProcessUSEnrollment-FSA-SimpleEnrollment-Example-E1.xml
ProcessUSEnrollment-RateBased-Enrollment-Example-F1.xml
ProcessUSEnrollment-Tier-DependentCoverage-Example-A3.xml
ProcessUSEnrollment-Tier-FamilyCoverage-Example-A2.xml
ProcessUSEnrollment-Tier-MultipleIncremental-Example-A4.xml
ProcessUSEnrollment-Tier-SimpleEnrollment-Example-A1.xml
ProcessUserAccount-Example-1.xml
ShowAssessmentCatalog-Example-1.xml
ShowAssessmentReport-Example-1.xml
ShowAssessmentReport-Example-2.xml
ShowCandidate-Example-1.xml
ShowScreeningCatalogReportCustomer-Example-1.xml
ShowScreeningCatalogReportJurisdictional-Example-1.xml
ShowScreeningCatalogReportJurisdictional-Example-3.xml
ShowScreeningReport-ResultNotAvailable-Example-1.xml
ShowSearchDocument_Candidate-Example-1.xml
SyncDevelopmentPlan-Example-1.xml
SyncEPMResult-Example-1.xml
SyncHRMasterData-Example-1.xml
SyncIndicativeData-Example-1.xml
SyncIndicativeData-JimmyPreHireOfficiallyHired-Detailed.xml
SyncIndicativeData-JimmyPreHire-SimplePreHireNotice.xml
SyncIndicativeData-WilliamNewHire.xml
SyncObjectivesPlan-Example-1.xml
SyncObjectivesResult-Example-1.xml
SyncOrganizationalChart-Example-1.xml
SyncScreeningCatalogReport-Example-1.xml
SyncUSEnrollment-FSA-Simple-Example-E1.xml
SyncUSEnrollment-RateBased-Enrollment-Example-F1.xml
SyncUSEnrollment-Tier-MultipleSnapshot-Example-A1.xml
TrivialBOD.xml
UC001_AcknowledgeEmploymentEligibilityI-9.xml
UC001_AcknowledgeScreeningVendorOrder_Court.xml
UC001_AcknowledgeScreeningVendorOrder_Jurisdiction.xml
UC001_AcknowledgeWorkerOnBoarding.xml
UC001_ProcessEmploymentEligibilityI-9.xml
UC001_ProcessScreeningVendorOrder_Court.xml
UC001_ProcessScreeningVendorOrder_Jurisdiction.xml
UC001_ProcessWorkerOnBoarding.xml
UC002_AcknowledgeEmploymentEligibilityI-9.xml
UC002_AcknowledgeWorkerOnBoarding.xml
UC002_NotifyEmploymentEligibilityI-9.xml
UC002_ProcessEmploymentEligibilityI-9.xml
UC002_ProcessWorkerOnBoarding_Incremental.xml
UC002_ProcessWorkerOnBoarding_Snapshot.xml
UC002a_ConfirmBODGetScreeningVendorReport.xml
UC002a_GetScreeningVendorReport.xml
UC002b_ConfirmBODShowScreeningVendorReport.xml
UC002b_ShowScreeningVendorReport.xml
UC003_GetEmploymentEligibilityI-9.xml
UC003_GetWorkerOnBoarding.xml
UC003_ShowEmploymentEligibilityI-9.xml
UC003_ShowWorkerOnBoarding.xml
UC003a_ConfirmBODGetScreeningVendorOrder.xml
UC003a_GetScreeningVendorOrder.xml
UC003b_ConfirmBODShowScreeningVendorOrder.xml
UC003b_ShowScreeningVendorOrder.xml
UC004_AcknowledgeWorkerOnBoarding.xml
UC004_ChangeScreeningVendorReport.xml
UC004_ConfirmBODChangeScreeningVendorReport.xml
UC004_ConfirmBODSyncEmploymentEligibilityI-9.xml
UC004_ProcessWorkerOnBoarding.xml
UC004_SyncEmploymentEligibilityI-9.xml
UC005_AcknowledgeWorkerOnBoarding.xml
UC005_ConfirmBODSyncScreeningVendorOrder.xml
UC005_GetEmploymentEligibilityI-9.xml
UC005_ProcessWorkerOnBoarding_Incremental.xml
UC005_ProcessWorkerOnBoarding_Snapshot.xml
UC005_ShowEmploymentEligibilityI-9.xml
UC005_SyncScreeningVendorOrder.xml
UC006_ChangeScreeningVendorReport.xml
UC006_ConfirmBODChangeScreeningVendorReport.xml
UC006_ConfirmBODSyncEmploymentEligibilityI-9.xml
UC006_GetWorkerOnBoarding.xml
UC006_ShowWorkerOnBoarding.xml
UC006_SyncEmploymentEligibilityI-9.xml
UC007_AcknowledgeWorkerOnBoarding.xml
UC007_ConfirmBODSyncEmploymentEligibilityI-9.xml
UC007_GetScreeningVendorOrder.xml
UC007_ProcessWorkerOnBoarding.xml
UC007_ShowScreeningVendorOrder.xml
UC007_SyncEmploymentEligibilityI-9.xml
UC008_AcknowledgeWorkerOnBoarding.xml
UC008_ConfirmBODGetScreeningVendorOrder.xml
UC008_GetScreeningVendorOrder.xml
UC008_ProcessWorkerOnBoarding_Incremental.xml
UC008_ProcessWorkerOnBoarding_Snapshot.xml
UC009_GetScreeningVendorOrder.xml
UC009_GetWorkerOnBoarding.xml
UC009_ShowScreeningVendorOrder.xml
UC009_ShowWorkerOnBoarding.xml
UC010a_GetScreeningVendorReport.xml
UC010a_ShowScreeningVendorReport.xml
UC010b_ChangeScreeningVendorReport.xml
UC010b_ConfirmBODChangeScreeningVendorReport.xml
UC011_ChangeScreeningVendorReport.xml
UC011_ConfirmBODChangeScreeningVendorReport.xml
UC012_GetScreeningVendorOrder.xml
UC012_ShowScreeningVendorOrder.xml
UC013_ChangeScreeningVendorReport.xml
UC013_ConfirmBODChangeScreeningVendorReport.xml
UCALL_ConfirmBODScreeningVendorFailureAll.xml
